Name: DAN GUO, Id: 1, Exam Count: 1
Name: JOHN GEORGE SMITH, Id: 2, Exam Count: 2