Name: DAN GUO, Id: 1, Exam Count: 1
Name: JOHN JACK GEORGE SMITH, Id: 2, Exam Count: 0
Name: JOHN DOE, Id: 3, Exam Count: 3