Name: DAN GUO, Id: 1, Exam Count: 0
Name: JOHN GEORGE SMITH, Id: 2, Exam Count: 0
Name: JOHN DOE, Id: 3, Exam Count: 0