Name: MARY JANE, Id: 2, Exam Count: 0
Name: JOHN DOE, Id: 3, Exam Count: 0