Name: BEYONCE, Id: 111, Exam Count: 1
Name: DAN GUO, Id: 333, Exam Count: 2
Name: JOHN SMITH, Id: 444, Exam Count: 0
Name: JOHN SMITH, Id: 21, Exam Count: 1
Name: LUCAS GEORGE SMITH-WILLIAMS, Id: 221, Exam Count: 0
Name: LEBRON JAMES, Id: 0, Exam Count: 0
Name: JAKE MILLER, Id: 237948, Exam Count: 2